// Jest Snapshot v1, https://goo.gl/fbAQLP

exports[`Base Component renders correctly 1`] = `
<div
  className="container"
  style={Object {}}
/>
`;
